// Jest Snapshot v1, https://goo.gl/fbAQLP

exports[`Header component renders Header 1`] = `
<header
  className={null}
>
  <h1>
    RESTy
  </h1>
</header>
`;
