// Jest Snapshot v1, https://goo.gl/fbAQLP

exports[`History component renders History 1`] = `
<div
  className="container"
>
  <h3>
    History
  </h3>
</div>
`;
